
Experiment configuration:
ExperimentConfig(bunch_file='bunch_mnist.joblib', batch_size=128, epochs=350, reps=1, seed=42, gpu='1', optimizer='sgd', loss='mse', frac=0.005, lrate_factor=1.0, encoding='ye', save_results=False)

.......... hostname: hoya.ccc.uam.es
results_dir: /home/proyectos/ada2/jdorrons/ongoing/nn_collapse/mnist_test/frac_0.005_128_1.0/
Using GPU: cuda:1

____________________ starting at 2026-07-16 11:50:59.443611+00:00

.................... running repetition 0
ExperimentConfig(bunch_file='bunch_mnist.joblib', batch_size=128, epochs=350, reps=1, seed=42, gpu='1', optimizer='sgd', loss='mse', frac=0.005, lrate_factor=1.0, encoding='ye', save_results=False)
epoch=   1 mse=0.489175
..... test majority acc. 0.9918
..... test minority acc. 0.0000
epoch=  50 mse=0.030780
..... test majority acc. 0.9992
..... test minority acc. 0.7585
epoch= 100 mse=0.172615
..... test majority acc. 0.9990
..... test minority acc. 0.8348
epoch= 150 mse=0.749199
..... test majority acc. 0.9992
..... test minority acc. 0.8157
epoch= 200 mse=0.222564
..... test majority acc. 0.9990
..... test minority acc. 0.8177
epoch= 250 mse=0.121534
..... test majority acc. 0.9986
..... test minority acc. 0.8165
epoch= 300 mse=0.050816
..... test majority acc. 0.9988
..... test minority acc. 0.8122
epoch= 350 mse=0.049953
..... test majority acc. 0.9988
..... test minority acc. 0.8157
Final scores
mse=0.049953
..... test majority acc. 0.9988
..... test minority acc. 0.8157

train nc_analysis ....................
.......... model loss
mse: 0.04995307830642692
.......... model acc
train conf matrix
 [[5000    0    0    0    0    0    0    0    0    0]
 [   0 5000    0    0    0    0    0    0    0    0]
 [   0    0 5000    0    0    0    0    0    0    0]
 [   0    0    0 5000    0    0    0    0    0    0]
 [   0    0    0    0 5000    0    0    0    0    0]
 [   0    0    0    0    0   25    0    0    0    0]
 [   0    0    0    0    0    0   25    0    0    0]
 [   0    0    0    0    0    0    0   25    0    0]
 [   0    0    0    0    0    0    0    0   25    0]
 [   0    0    0    0    0    0    0    0    0   25]]
train_acc 1.0
balanced_acc 1.0
.......... NCC1
max of Sw: values 0.0008890669821680564
trace Sw_invSb 0.0015300622384701165
.......... NCC2
eq norm of centered class means 0.8813253
eq norm of lhl weights 0.2895106
norm of ccm cos matrix - simplex matrix 0.013492674009380362
norm of lhl weights cos matrix - simplex matrix 0.010925822106584876
.......... NCC3
duality of ccmeans and lhl weights 0.4771573
.......... NCC4
conf m of nearest class center prediction
 [[5000    0    0    0    0    0    0    0    0    0]
 [   0 5000    0    0    0    0    0    0    0    0]
 [   0    0 5000    0    0    0    0    0    0    0]
 [   0    0    0 5000    0    0    0    0    0    0]
 [   0    0    0    0 5000    0    0    0    0    0]
 [   0    0    0    0    0   25    0    0    0    0]
 [   0    0    0    0    0    0   25    0    0    0]
 [   0    0    0    0    0    0    0   25    0    0]
 [   0    0    0    0    0    0    0    0   25    0]
 [   0    0    0    0    0    0    0    0    0   25]]
acc of nearest class center prediction 1.0
coincidence of model and ncc predictions 1.0

test nc_analysis ....................
.......... test model loss
mse: 9.544892810845427

.......... test model acc
test_acc 0.9098
test balanced_acc 0.9075360139112556
test conf matrix
 [[ 980    0    0    0    0    0    0    0    0    0]
 [   0 1135    0    0    0    0    0    0    0    0]
 [   1    1 1028    0    1    0    0    1    0    0]
 [   0    0    2 1008    0    0    0    0    0    0]
 [   0    0    0    0  982    0    0    0    0    0]
 [  17    2    2  130    2  734    0    0    4    1]
 [  69   16   18    9   21    6  819    0    0    0]
 [   7   27   98   34   37    0    0  819    0    6]
 [  20    3   37   93   30    2    0    0  785    4]
 [  12   11    6   19  149    1    0    2    1  808]]
.......... NCC4
test conf m of nearest class center prediction
 [[ 980    0    0    0    0    0    0    0    0    0]
 [   0 1135    0    0    0    0    0    0    0    0]
 [   1    1 1029    0    1    0    0    0    0    0]
 [   0    0    2 1008    0    0    0    0    0    0]
 [   0    0    0    0  982    0    0    0    0    0]
 [  47    7    2  167    4  664    0    0    1    0]
 [ 117   17   16    2   31    4  771    0    0    0]
 [  18   41  131   39   45    0    0  750    0    4]
 [  31    4   49   99   39    0    0    0  750    2]
 [  21   11    6   19  196    0    0    1    0  755]]
test acc of nearest class center prediction 0.8824
test coincidence of model and ncc predictions 0.9662
..... test majority acc. 0.9988
..... test minority acc. 0.8157

____________________ ending at 2026-07-16 12:41:30.347234+00:00

total_time: 0:50:30.903623
